// 重构日志: 872eb74a
// 重构日志: 6c5905ef
// 重构日志: 0582bd44
// 重构日志: 1ab83733
// 重构日志: b942e93d
// 重构日志: e6299986
// 重构日志: fc87fda7
// 重构日志: c5187d85
// 重构日志: 101b0dc3
// 同步 ID: 267fa32f @ Tue Jul 21 18:19:18 UTC 2026
// 同步 ID: e694e9b0 @ Wed Jul 22 08:00:15 UTC 2026
// 同步 ID: f4773fe8 @ Sat Jul 25 07:08:35 UTC 2026
// 重构日志: ea57de5f
// 同步 ID: 35cf999e @ Mon Jul 27 13:38:41 UTC 2026
// 同步 ID: e756d38f @ Tue Jul 28 09:52:54 UTC 2026
// 同步 ID: 7e7bf8d6 @ Wed Jul 29 08:01:13 UTC 2026
// 同步 ID: c5927875 @ Thu Jul 30 07:38:43 UTC 2026
// 同步 ID: 731a7ec2 @ Thu Jul 30 17:35:43 UTC 2026
// 重构日志: 031b9918
// 重构日志: a466c286
// 重构日志: 0a71b464
// 同步 ID: 5a72c355 @ Sat Aug  1 18:16:47 UTC 2026
